This is pdfTeX, Version 3.141592653-2.6-1.40.25 (TeX Live 2023/Debian) (preloaded format=pdflatex 2024.11.30)  30 JUL 2026 17:10
entering extended mode
 restricted \write18 enabled.
 %&-line parsing enabled.
**00_Report.tex
(./00_Report.tex
LaTeX2e <2023-11-01> patch level 1
L3 programming layer <2024-01-22>
(/usr/share/texlive/texmf-dist/tex/latex/base/report.cls
Document Class: report 2023/05/17 v1.4n Standard LaTeX document class
(/usr/share/texlive/texmf-dist/tex/latex/base/size12.clo
File: size12.clo 2023/05/17 v1.4n Standard LaTeX file (size option)
)
\c@part=\count187
\c@chapter=\count188
\c@section=\count189
\c@subsection=\count190
\c@subsubsection=\count191
\c@paragraph=\count192
\c@subparagraph=\count193
\c@figure=\count194
\c@table=\count195
\abovecaptionskip=\skip48
\belowcaptionskip=\skip49
\bibindent=\dimen140
)
(/usr/share/texlive/texmf-dist/tex/latex/graphics/graphicx.sty
Package: graphicx 2021/09/16 v1.2d Enhanced LaTeX Graphics (DPC,SPQR)

(/usr/share/texlive/texmf-dist/tex/latex/graphics/keyval.sty
Package: keyval 2022/05/29 v1.15 key=value parser (DPC)
\KV@toks@=\toks17
)
(/usr/share/texlive/texmf-dist/tex/latex/graphics/graphics.sty
Package: graphics 2022/03/10 v1.4e Standard LaTeX Graphics (DPC,SPQR)

(/usr/share/texlive/texmf-dist/tex/latex/graphics/trig.sty
Package: trig 2021/08/11 v1.11 sin cos tan (DPC)
)
(/usr/share/texlive/texmf-dist/tex/latex/graphics-cfg/graphics.cfg
File: graphics.cfg 2016/06/04 v1.11 sample graphics configuration
)
Package graphics Info: Driver file: pdftex.def on input line 107.

(/usr/share/texlive/texmf-dist/tex/latex/graphics-def/pdftex.def
File: pdftex.def 2022/09/22 v1.2b Graphics/color driver for pdftex
))
\Gin@req@height=\dimen141
\Gin@req@width=\dimen142
)
(/usr/share/texlive/texmf-dist/tex/latex/natbib/natbib.sty
Package: natbib 2010/09/13 8.31b (PWD, AO)
\bibhang=\skip50
\bibsep=\skip51
LaTeX Info: Redefining \cite on input line 694.
\c@NAT@ctr=\count196
)
(/usr/share/texlive/texmf-dist/tex/latex/setspace/setspace.sty
Package: setspace 2022/12/04 v6.7b set line spacing
)
(/usr/share/texlive/texmf-dist/tex/latex/geometry/geometry.sty
Package: geometry 2020/01/02 v5.9 Page Geometry

(/usr/share/texlive/texmf-dist/tex/generic/iftex/ifvtex.sty
Package: ifvtex 2019/10/25 v1.7 ifvtex legacy package. Use iftex instead.

(/usr/share/texlive/texmf-dist/tex/generic/iftex/iftex.sty
Package: iftex 2022/02/03 v1.0f TeX engine tests
))
\Gm@cnth=\count197
\Gm@cntv=\count198
\c@Gm@tempcnt=\count199
\Gm@bindingoffset=\dimen143
\Gm@wd@mp=\dimen144
\Gm@odd@mp=\dimen145
\Gm@even@mp=\dimen146
\Gm@layoutwidth=\dimen147
\Gm@layoutheight=\dimen148
\Gm@layouthoffset=\dimen149
\Gm@layoutvoffset=\dimen150
\Gm@dimlist=\toks18
)
(/usr/share/texlive/texmf-dist/tex/latex/base/textcomp.sty
Package: textcomp 2020/02/02 v2.0n Standard LaTeX package
)
(/usr/share/texlive/texmf-dist/tex/latex/tools/tabularx.sty
Package: tabularx 2023/07/08 v2.11c `tabularx' package (DPC)

(/usr/share/texlive/texmf-dist/tex/latex/tools/array.sty
Package: array 2023/10/16 v2.5g Tabular extension package (FMi)
\col@sep=\dimen151
\ar@mcellbox=\box51
\extrarowheight=\dimen152
\NC@list=\toks19
\extratabsurround=\skip52
\backup@length=\skip53
\ar@cellbox=\box52
)
\TX@col@width=\dimen153
\TX@old@table=\dimen154
\TX@old@col=\dimen155
\TX@target=\dimen156
\TX@delta=\dimen157
\TX@cols=\count266
\TX@ftn=\toks20
)
(/usr/share/texlive/texmf-dist/tex/latex/enumitem/enumitem.sty
Package: enumitem 2019/06/20 v3.9 Customized lists
\labelindent=\skip54
\enit@outerparindent=\dimen158
\enit@toks=\toks21
\enit@inbox=\box53
\enit@count@id=\count267
\enitdp@description=\count268
)
(/usr/share/texlive/texmf-dist/tex/latex/amsfonts/amssymb.sty
Package: amssymb 2013/01/14 v3.01 AMS font symbols

(/usr/share/texlive/texmf-dist/tex/latex/amsfonts/amsfonts.sty
Package: amsfonts 2013/01/14 v3.01 Basic AMSFonts support
\@emptytoks=\toks22
\symAMSa=\mathgroup4
\symAMSb=\mathgroup5
LaTeX Font Info:    Redeclaring math symbol \hbar on input line 98.
LaTeX Font Info:    Overwriting math alphabet `\mathfrak' in version `bold'
(Font)                  U/euf/m/n --> U/euf/b/n on input line 106.
))
(/usr/share/texlive/texmf-dist/tex/latex/acronym/acronym.sty
Package: acronym 2020/04/17 v1.47 Support for acronyms (Tobias Oetiker)

(/usr/share/texlive/texmf-dist/tex/latex/bigfoot/suffix.sty
Package: suffix 2006/07/15 1.5a Variant command support
)
(/usr/share/texlive/texmf-dist/tex/generic/xstring/xstring.sty
(/usr/share/texlive/texmf-dist/tex/generic/xstring/xstring.tex
\xs_counta=\count269
\xs_countb=\count270
)
Package: xstring 2023/08/22 v1.86 String manipulations (CT)
)
\AC@clearlist=\toks23
)
(/usr/share/texlive/texmf-dist/tex/latex/draftwatermark/draftwatermark.sty
Package: draftwatermark 2020/12/08 3.0 Put a gray textual watermark on document
 pages

(/usr/share/texlive/texmf-dist/tex/latex/kvoptions/kvoptions.sty
Package: kvoptions 2022-06-15 v3.15 Key value format for package options (HO)

(/usr/share/texlive/texmf-dist/tex/generic/ltxcmds/ltxcmds.sty
Package: ltxcmds 2023-12-04 v1.26 LaTeX kernel commands for general use (HO)
)
(/usr/share/texlive/texmf-dist/tex/latex/kvsetkeys/kvsetkeys.sty
Package: kvsetkeys 2022-10-05 v1.19 Key value parser (HO)
))
(/usr/share/texlive/texmf-dist/tex/latex/graphics/color.sty
Package: color 2022/01/06 v1.3d Standard LaTeX Color (DPC)

(/usr/share/texlive/texmf-dist/tex/latex/graphics-cfg/color.cfg
File: color.cfg 2016/01/02 v1.6 sample color configuration
)
Package color Info: Driver file: pdftex.def on input line 149.

(/usr/share/texlive/texmf-dist/tex/latex/graphics/mathcolor.ltx)))
(/usr/share/texlive/texmf-dist/tex/latex/hyperref/hyperref.sty
Package: hyperref 2024-01-20 v7.01h Hypertext links for LaTeX

(/usr/share/texlive/texmf-dist/tex/generic/kvdefinekeys/kvdefinekeys.sty
Package: kvdefinekeys 2019-12-19 v1.6 Define keys (HO)
)
(/usr/share/texlive/texmf-dist/tex/generic/pdfescape/pdfescape.sty
Package: pdfescape 2019/12/09 v1.15 Implements pdfTeX's escape features (HO)

(/usr/share/texlive/texmf-dist/tex/generic/pdftexcmds/pdftexcmds.sty
Package: pdftexcmds 2020-06-27 v0.33 Utility functions of pdfTeX for LuaTeX (HO
)

(/usr/share/texlive/texmf-dist/tex/generic/infwarerr/infwarerr.sty
Package: infwarerr 2019/12/03 v1.5 Providing info/warning/error messages (HO)
)
Package pdftexcmds Info: \pdf@primitive is available.
Package pdftexcmds Info: \pdf@ifprimitive is available.
Package pdftexcmds Info: \pdfdraftmode found.
))
(/usr/share/texlive/texmf-dist/tex/latex/hycolor/hycolor.sty
Package: hycolor 2020-01-27 v1.10 Color options for hyperref/bookmark (HO)
)
(/usr/share/texlive/texmf-dist/tex/latex/auxhook/auxhook.sty
Package: auxhook 2019-12-17 v1.6 Hooks for auxiliary files (HO)
)
(/usr/share/texlive/texmf-dist/tex/latex/hyperref/nameref.sty
Package: nameref 2023-11-26 v2.56 Cross-referencing by name of section

(/usr/share/texlive/texmf-dist/tex/latex/refcount/refcount.sty
Package: refcount 2019/12/15 v3.6 Data extraction from label references (HO)
)
(/usr/share/texlive/texmf-dist/tex/generic/gettitlestring/gettitlestring.sty
Package: gettitlestring 2019/12/15 v1.6 Cleanup title references (HO)
)
\c@section@level=\count271
)
(/usr/share/texlive/texmf-dist/tex/latex/etoolbox/etoolbox.sty
Package: etoolbox 2020/10/05 v2.5k e-TeX tools for LaTeX (JAW)
\etb@tempcnta=\count272
)
\@linkdim=\dimen159
\Hy@linkcounter=\count273
\Hy@pagecounter=\count274

(/usr/share/texlive/texmf-dist/tex/latex/hyperref/pd1enc.def
File: pd1enc.def 2024-01-20 v7.01h Hyperref: PDFDocEncoding definition (HO)
Now handling font encoding PD1 ...
... no UTF-8 mapping file for font encoding PD1
)
(/usr/share/texlive/texmf-dist/tex/generic/intcalc/intcalc.sty
Package: intcalc 2019/12/15 v1.3 Expandable calculations with integers (HO)
)
\Hy@SavedSpaceFactor=\count275

(/usr/share/texlive/texmf-dist/tex/latex/hyperref/puenc.def
File: puenc.def 2024-01-20 v7.01h Hyperref: PDF Unicode definition (HO)
Now handling font encoding PU ...
... no UTF-8 mapping file for font encoding PU
)
Package hyperref Info: Hyper figures OFF on input line 4179.
Package hyperref Info: Link nesting OFF on input line 4184.
Package hyperref Info: Hyper index ON on input line 4187.
Package hyperref Info: Plain pages OFF on input line 4194.
Package hyperref Info: Backreferencing OFF on input line 4199.
Package hyperref Info: Implicit mode ON; LaTeX internals redefined.
Package hyperref Info: Bookmarks ON on input line 4446.
\c@Hy@tempcnt=\count276

(/usr/share/texlive/texmf-dist/tex/latex/url/url.sty
\Urlmuskip=\muskip16
Package: url 2013/09/16  ver 3.4  Verb mode for urls, etc.
)
LaTeX Info: Redefining \url on input line 4784.
\XeTeXLinkMargin=\dimen160

(/usr/share/texlive/texmf-dist/tex/generic/bitset/bitset.sty
Package: bitset 2019/12/09 v1.3 Handle bit-vector datatype (HO)

(/usr/share/texlive/texmf-dist/tex/generic/bigintcalc/bigintcalc.sty
Package: bigintcalc 2019/12/15 v1.5 Expandable calculations on big integers (HO
)
))
\Fld@menulength=\count277
\Field@Width=\dimen161
\Fld@charsize=\dimen162
Package hyperref Info: Hyper figures OFF on input line 6063.
Package hyperref Info: Link nesting OFF on input line 6068.
Package hyperref Info: Hyper index ON on input line 6071.
Package hyperref Info: backreferencing OFF on input line 6078.
Package hyperref Info: Link coloring OFF on input line 6083.
Package hyperref Info: Link coloring with OCG OFF on input line 6088.
Package hyperref Info: PDF/A mode OFF on input line 6093.

(/usr/share/texlive/texmf-dist/tex/latex/base/atbegshi-ltx.sty
Package: atbegshi-ltx 2021/01/10 v1.0c Emulation of the original atbegshi
package with kernel methods
)
\Hy@abspage=\count278
\c@Item=\count279
\c@Hfootnote=\count280
)
Package hyperref Info: Driver (autodetected): hpdftex.

(/usr/share/texlive/texmf-dist/tex/latex/hyperref/hpdftex.def
File: hpdftex.def 2024-01-20 v7.01h Hyperref driver for pdfTeX

(/usr/share/texlive/texmf-dist/tex/latex/base/atveryend-ltx.sty
Package: atveryend-ltx 2020/08/19 v1.0a Emulation of the original atveryend pac
kage
with kernel methods
)
\Fld@listcount=\count281
\c@bookmark@seq@number=\count282

(/usr/share/texlive/texmf-dist/tex/latex/rerunfilecheck/rerunfilecheck.sty
Package: rerunfilecheck 2022-07-10 v1.10 Rerun checks for auxiliary files (HO)

(/usr/share/texlive/texmf-dist/tex/generic/uniquecounter/uniquecounter.sty
Package: uniquecounter 2019/12/15 v1.4 Provide unlimited unique counter (HO)
)
Package uniquecounter Info: New unique counter `rerunfilecheck' on input line 2
85.
)
\Hy@SectionHShift=\skip55
)
(/usr/share/texlive/texmf-dist/tex/latex/l3backend/l3backend-pdftex.def
File: l3backend-pdftex.def 2024-01-04 L3 backend support: PDF output (pdfTeX)
\l__color_backend_stack_int=\count283
\l__pdf_internal_box=\box54
)
(./00_Report.aux (./01_Intro.aux) (./02_Literature.aux) (./03_Method.aux)
(./04_Results_Analysis.aux) (./05_Discussion.aux))
\openout1 = `00_Report.aux'.

LaTeX Font Info:    Checking defaults for OML/cmm/m/it on input line 28.
LaTeX Font Info:    ... okay on input line 28.
LaTeX Font Info:    Checking defaults for OMS/cmsy/m/n on input line 28.
LaTeX Font Info:    ... okay on input line 28.
LaTeX Font Info:    Checking defaults for OT1/cmr/m/n on input line 28.
LaTeX Font Info:    ... okay on input line 28.
LaTeX Font Info:    Checking defaults for T1/cmr/m/n on input line 28.
LaTeX Font Info:    ... okay on input line 28.
LaTeX Font Info:    Checking defaults for TS1/cmr/m/n on input line 28.
LaTeX Font Info:    ... okay on input line 28.
LaTeX Font Info:    Checking defaults for OMX/cmex/m/n on input line 28.
LaTeX Font Info:    ... okay on input line 28.
LaTeX Font Info:    Checking defaults for U/cmr/m/n on input line 28.
LaTeX Font Info:    ... okay on input line 28.
LaTeX Font Info:    Checking defaults for PD1/pdf/m/n on input line 28.
LaTeX Font Info:    ... okay on input line 28.
LaTeX Font Info:    Checking defaults for PU/pdf/m/n on input line 28.
LaTeX Font Info:    ... okay on input line 28.

(/usr/share/texlive/texmf-dist/tex/context/base/mkii/supp-pdf.mkii
[Loading MPS to PDF converter (version 2006.09.02).]
\scratchcounter=\count284
\scratchdimen=\dimen163
\scratchbox=\box55
\nofMPsegments=\count285
\nofMParguments=\count286
\everyMPshowfont=\toks24
\MPscratchCnt=\count287
\MPscratchDim=\dimen164
\MPnumerator=\count288
\makeMPintoPDFobject=\count289
\everyMPtoPDFconversion=\toks25
) (/usr/share/texlive/texmf-dist/tex/latex/epstopdf-pkg/epstopdf-base.sty
Package: epstopdf-base 2020-01-24 v2.11 Base part for package epstopdf
Package epstopdf-base Info: Redefining graphics rule for `.eps' on input line 4
85.

(/usr/share/texlive/texmf-dist/tex/latex/latexconfig/epstopdf-sys.cfg
File: epstopdf-sys.cfg 2010/07/13 v1.3 Configuration of (r)epstopdf for TeX Liv
e
))
*geometry* driver: auto-detecting
*geometry* detected driver: pdftex
*geometry* verbose mode - [ preamble ] result:
* driver: pdftex
* paper: a4paper
* layout: <same size as paper>
* layoutoffset:(h,v)=(0.0pt,0.0pt)
* modes: twoside 
* h-part:(L,W,R)=(56.9055pt, 483.69687pt, 56.9055pt)
* v-part:(T,H,B)=(56.9055pt, 717.00946pt, 71.13188pt)
* \paperwidth=597.50787pt
* \paperheight=845.04684pt
* \textwidth=483.69687pt
* \textheight=717.00946pt
* \oddsidemargin=-15.36449pt
* \evensidemargin=-15.36449pt
* \topmargin=-52.36449pt
* \headheight=12.0pt
* \headsep=25.0pt
* \topskip=12.0pt
* \footskip=30.0pt
* \marginparwidth=85.0pt
* \marginparsep=10.0pt
* \columnsep=10.0pt
* \skip\footins=10.8pt plus 4.0pt minus 2.0pt
* \hoffset=0.0pt
* \voffset=0.0pt
* \mag=1000
* \@twocolumnfalse
* \@twosidetrue
* \@mparswitchtrue
* \@reversemarginfalse
* (1in=72.27pt=25.4mm, 1cm=28.453pt)

Package hyperref Info: Link coloring OFF on input line 28.
(./00_Report.out) (./00_Report.out)
\@outlinefile=\write3
\openout3 = `00_Report.out'.

<logo.png, id=179, 762.85pt x 261.97874pt>
File: logo.png Graphic file (type png)
<use logo.png>
Package pdftex.def Info: logo.png  used on input line 34.
(pdftex.def)             Requested size: 169.29684pt x 58.13918pt.


LaTeX Font Warning: Font shape `OT1/cmr/m/n' in size <149.37697> not available
(Font)              size <24.88> substituted on input line 52.

[1{/var/lib/texmf/fonts/map/pdftex/updmap/pdftex.map}

 <./logo.png>]
pdfTeX warning (ext4): destination with the same identifier (name{page.1}) has 
been already used, duplicate ignored
<to be read again> 
                   \relax 
l.62 \end{abstract}
                    [1] [2

] (./00_Report.toc
LaTeX Font Info:    Trying to load font information for U+msa on input line 4.

(/usr/share/texlive/texmf-dist/tex/latex/amsfonts/umsa.fd
File: umsa.fd 2013/01/14 v3.01 AMS symbols A
)
LaTeX Font Info:    Trying to load font information for U+msb on input line 4.

(/usr/share/texlive/texmf-dist/tex/latex/amsfonts/umsb.fd
File: umsb.fd 2013/01/14 v3.01 AMS symbols B
) [3


])
\tf@toc=\write4
\openout4 = `00_Report.toc'.

 [4]
(./00_Report.lof)
\tf@lof=\write5
\openout5 = `00_Report.lof'.

 [5


] (./00_Report.lot)
\tf@lot=\write6
\openout6 = `00_Report.lot'.

 [6


] (./acronym.tex

LaTeX Warning: Hyper reference `acro:AI' on page 7 undefined on input line 3.


LaTeX Warning: Hyper reference `acro:AI' on page 7 undefined on input line 3.


LaTeX Warning: Hyper reference `acro:CDSS' on page 7 undefined on input line 5.



LaTeX Warning: Hyper reference `acro:CDSS' on page 7 undefined on input line 5.



LaTeX Warning: Hyper reference `acro:CDW' on page 7 undefined on input line 6.


LaTeX Warning: Hyper reference `acro:CDW' on page 7 undefined on input line 6.


LaTeX Warning: Hyper reference `acro:CWT' on page 7 undefined on input line 7.


LaTeX Warning: Hyper reference `acro:CWT' on page 7 undefined on input line 7.


LaTeX Warning: Hyper reference `acro:DSR' on page 7 undefined on input line 9.


LaTeX Warning: Hyper reference `acro:DSR' on page 7 undefined on input line 9.


LaTeX Warning: Hyper reference `acro:DSRM' on page 7 undefined on input line 10
.


LaTeX Warning: Hyper reference `acro:DSRM' on page 7 undefined on input line 10
.


LaTeX Warning: Hyper reference `acro:DTI' on page 7 undefined on input line 11.



LaTeX Warning: Hyper reference `acro:DTI' on page 7 undefined on input line 11.



LaTeX Warning: Hyper reference `acro:DTT' on page 7 undefined on input line 12.



LaTeX Warning: Hyper reference `acro:DTT' on page 7 undefined on input line 12.



LaTeX Warning: Hyper reference `acro:ETL' on page 7 undefined on input line 14.



LaTeX Warning: Hyper reference `acro:ETL' on page 7 undefined on input line 14.



LaTeX Warning: Hyper reference `acro:EPR' on page 7 undefined on input line 15.



LaTeX Warning: Hyper reference `acro:EPR' on page 7 undefined on input line 15.



LaTeX Warning: Hyper reference `acro:FDS' on page 7 undefined on input line 17.



LaTeX Warning: Hyper reference `acro:FDS' on page 7 undefined on input line 17.



LaTeX Warning: Hyper reference `acro:FHIR' on page 7 undefined on input line 18
.


LaTeX Warning: Hyper reference `acro:FHIR' on page 7 undefined on input line 18
.


LaTeX Warning: Hyper reference `acro:HCI' on page 7 undefined on input line 20.



LaTeX Warning: Hyper reference `acro:HCI' on page 7 undefined on input line 20.



LaTeX Warning: Hyper reference `acro:IDR' on page 7 undefined on input line 23.



LaTeX Warning: Hyper reference `acro:IDR' on page 7 undefined on input line 23.



LaTeX Warning: Hyper reference `acro:JCCO' on page 7 undefined on input line 25
.


LaTeX Warning: Hyper reference `acro:JCCO' on page 7 undefined on input line 25
.


LaTeX Warning: Hyper reference `acro:MDT' on page 7 undefined on input line 27.



LaTeX Warning: Hyper reference `acro:MDT' on page 7 undefined on input line 27.



LaTeX Warning: Hyper reference `acro:NCWTMDS' on page 7 undefined on input line
 29.


LaTeX Warning: Hyper reference `acro:NCWTMDS' on page 7 undefined on input line
 29.


LaTeX Warning: Hyper reference `acro:NHS' on page 7 undefined on input line 30.



LaTeX Warning: Hyper reference `acro:NHS' on page 7 undefined on input line 30.



LaTeX Warning: Hyper reference `acro:OIS' on page 7 undefined on input line 33.



LaTeX Warning: Hyper reference `acro:OIS' on page 7 undefined on input line 33.



LaTeX Warning: Hyper reference `acro:PAS' on page 7 undefined on input line 35.



LaTeX Warning: Hyper reference `acro:PAS' on page 7 undefined on input line 35.



LaTeX Warning: Hyper reference `acro:PTL' on page 7 undefined on input line 36.



LaTeX Warning: Hyper reference `acro:PTL' on page 7 undefined on input line 36.



LaTeX Warning: Hyper reference `acro:QA' on page 7 undefined on input line 38.


LaTeX Warning: Hyper reference `acro:QA' on page 7 undefined on input line 38.


LaTeX Warning: Hyper reference `acro:RCR' on page 7 undefined on input line 40.



LaTeX Warning: Hyper reference `acro:RCR' on page 7 undefined on input line 40.


[7


]

LaTeX Warning: Hyper reference `acro:RTT' on page 8 undefined on input line 41.



LaTeX Warning: Hyper reference `acro:RTT' on page 8 undefined on input line 41.



LaTeX Warning: Hyper reference `acro:SABR' on page 8 undefined on input line 43
.


LaTeX Warning: Hyper reference `acro:SABR' on page 8 undefined on input line 43
.


LaTeX Warning: Hyper reference `acro:SQL' on page 8 undefined on input line 44.



LaTeX Warning: Hyper reference `acro:SQL' on page 8 undefined on input line 44.


) [8]
\openout2 = `01_Intro.aux'.

 (./01_Intro.tex
Chapter 1.
[9


]
Underfull \hbox (badness 2197) in paragraph at lines 37--37
[]|\OT1/cmr/bx/n/12 RQ2\OT1/cmr/m/n/12 : What op-er-a-tional
 []


Underfull \hbox (badness 10000) in paragraph at lines 37--38
[]|\OT1/cmr/m/n/12 Regression and ca-pac-ity
 []


Underfull \hbox (badness 10000) in paragraph at lines 41--42
[]|\OT1/cmr/m/n/12 Literature syn-the-sis and
 []


LaTeX Warning: `h' float specifier changed to `ht'.

[10] [11{/usr/share/texmf/fonts/enc/dvips/cm-super/cm-super-ts1.enc}]) [12]
\openout2 = `02_Literature.aux'.


(./02_Literature.tex
Chapter 2.
[13




]
<LitProc.png, id=388, 841.1425pt x 558.085pt>
File: LitProc.png Graphic file (type png)
<use LitProc.png>
Package pdftex.def Info: LitProc.png  used on input line 26.
(pdftex.def)             Requested size: 483.69687pt x 320.93045pt.
 [14 <./LitProc.png>] [15] [16]
Overfull \hbox (8.16191pt too wide) in paragraph at lines 84--85
[]\OT1/cmr/m/n/12 Missing di-ag-nos-tic in-for-ma-tion and ad-min-is-tra-tive e
r-rors cause re-discussion de-lays ([]Soukup
 []

[17] [18] [19] [20] [21] [22] [23]
<ConceptualDiagram.png, id=579, 2198.2125pt x 869.2475pt>
File: ConceptualDiagram.png Graphic file (type png)
<use ConceptualDiagram.png>
Package pdftex.def Info: ConceptualDiagram.png  used on input line 249.
(pdftex.def)             Requested size: 483.69687pt x 191.26157pt.
 [24 <./ConceptualDiagram.png>]) [25]
\openout2 = `03_Method.aux'.


(./03_Method.tex
Chapter 3.
[26




]
Overfull \hbox (1.2259pt too wide) in paragraph at lines 28--29
[]\OT1/cmr/m/n/12 Unlike tra-di-tional continuous-improvement ap-proaches such 
as Plan-Do-Check-Act (PDCA),
 []

[27]
Overfull \hbox (0.26755pt too wide) in paragraph at lines 39--40
\OT1/cmr/m/n/12 Solution ob-jec-tives were de-rived through a re-quire-ments el
ic-i-ta-tion pro-cess com-bin-ing literature-
 []

[28]
Overfull \hbox (25.42563pt too wide) in paragraph at lines 58--59
\OT1/cmr/m/n/12 Initial re-quire-ments were gath-ered through dis-cus-sions wit
h op-er-a-tional man-agers within Portsmouth
 []

[29]
Overfull \hbox (1.20238pt too wide) in paragraph at lines 93--94
\OT1/cmr/m/n/12 greSQL. In-di-vid-ual ETL pro-cesses were cre-ated for each sou
rce dataset and or-ches-trated through
 []

[30]
<LogicalArchitecture.png, id=641, 845.1575pt x 1909.1325pt>
File: LogicalArchitecture.png Graphic file (type png)
<use LogicalArchitecture.png>
Package pdftex.def Info: LogicalArchitecture.png  used on input line 112.
(pdftex.def)             Requested size: 290.22107pt x 655.59268pt.
 [31] [32 <./LogicalArchitecture.png>]
<RTPathwayDataLineage.png, id=652, 452.69125pt x 804.00375pt>
File: RTPathwayDataLineage.png Graphic file (type png)
<use RTPathwayDataLineage.png>
Package pdftex.def Info: RTPathwayDataLineage.png  used on input line 145.
(pdftex.def)             Requested size: 362.77264pt x 644.29575pt.
 [33] [34 <./RTPathwayDataLineage.png>] [35]
Overfull \hbox (8.00081pt too wide) in paragraph at lines 187--188
\OT1/cmr/m/n/12 Exploratory anal-y-sis iden-ti-fied sev-eral data-quality chal-
lenges in-clud-ing du-pli-cate re-fer-ral records,
 []

[36] [37] [38]) [39]
\openout2 = `04_Results_Analysis.aux'.

 (./04_Results_Analysis.tex
Chapter 4.
[40




]
<DB_Onc.png, id=711, 1418.29875pt x 793.96625pt>
File: DB_Onc.png Graphic file (type png)
<use DB_Onc.png>
Package pdftex.def Info: DB_Onc.png  used on input line 23.
(pdftex.def)             Requested size: 411.14528pt x 230.1595pt.
 [41 <./DB_Onc.png>]
<DB_RT.png, id=720, 1418.29875pt x 793.96625pt>
File: DB_RT.png Graphic file (type png)
<use DB_RT.png>
Package pdftex.def Info: DB_RT.png  used on input line 62.
(pdftex.def)             Requested size: 411.14528pt x 230.1595pt.
 [42] [43 <./DB_RT.png>]
<DB_Overview.png, id=741, 1418.29875pt x 793.96625pt>
File: DB_Overview.png Graphic file (type png)
<use DB_Overview.png>
Package pdftex.def Info: DB_Overview.png  used on input line 100.
(pdftex.def)             Requested size: 411.14528pt x 230.1595pt.
 [44 <./DB_Overview.png>]
[45]) [46]
\openout2 = `05_Discussion.aux'.

 (./05_Discussion.tex
Chapter 5.
[47




] [48] [49] [50] [51] [52]) [53] (./00_Report.bbl [54



]
LaTeX Font Info:    Trying to load font information for OMS+cmr on input line 1
30.

(/usr/share/texlive/texmf-dist/tex/latex/base/omscmr.fd
File: omscmr.fd 2023/04/13 v2.5m Standard LaTeX font definitions
)
LaTeX Font Info:    Font shape `OMS/cmr/m/n' in size <12> not available
(Font)              Font shape `OMS/cmsy/m/n' tried instead on input line 130.

Underfull \hbox (badness 4913) in paragraph at lines 129--131
[]\OT1/cmr/m/n/12 HealthOrbit (2025) `AI So-lu-tions for Real Clin-i-cal Work-f
lows \OMS/cmsy/m/n/12 j \OT1/cmr/m/n/12 HealthOr-bit AI,'
 []


Underfull \hbox (badness 10000) in paragraph at lines 138--140
[]\OT1/cmr/m/n/12 Hunkirchen, Pe-ter (n.d.) `Guide-lines and Stan-dards,' https
://www.usability-
 []

[55] [56]
Underfull \hbox (badness 10000) in paragraph at lines 213--216
[]\OT1/cmr/m/n/12 NHS Dig-i-tal (2026) `Can-cer Wait-ing Times Data Col-lec-tio
n (CWT),'
 []


Underfull \hbox (badness 10000) in paragraph at lines 213--216
\OT1/cmr/m/n/12 https://digital.nhs.uk/data-and-information/data-collections-an
d-data-sets/data-
 []

[57]) [58] (./00_Report.aux (./01_Intro.aux) (./02_Literature.aux)
(./03_Method.aux) (./04_Results_Analysis.aux) (./05_Discussion.aux))
 ***********
LaTeX2e <2023-11-01> patch level 1
L3 programming layer <2024-01-22>
 ***********


LaTeX Font Warning: Size substitutions with differences
(Font)              up to 124.49696pt have occurred.


LaTeX Warning: There were undefined references.

Package rerunfilecheck Info: File `00_Report.out' has not changed.
(rerunfilecheck)             Checksum: 9FA6D642A12E3341E9FDBA89D14D1432;7895.
 ) 
Here is how much of TeX's memory you used:
 11723 strings out of 474222
 180527 string characters out of 5748732
 1936975 words of memory out of 5000000
 33518 multiletter control sequences out of 15000+600000
 565992 words of font info for 65 fonts, out of 8000000 for 9000
 1141 hyphenation exceptions out of 8191
 69i,13n,79p,976b,678s stack positions out of 10000i,1000n,20000p,200000b,200000s
</usr/share/texlive/texmf-dist/fonts/type1/public/amsfonts/cm/cmbx12.pfb></us
r/share/texlive/texmf-dist/fonts/type1/public/amsfonts/cm/cmcsc10.pfb></usr/sha
re/texlive/texmf-dist/fonts/type1/public/amsfonts/cm/cmr12.pfb></usr/share/texl
ive/texmf-dist/fonts/type1/public/amsfonts/cm/cmr17.pfb></usr/share/texlive/tex
mf-dist/fonts/type1/public/amsfonts/cm/cmsy10.pfb></usr/share/texlive/texmf-dis
t/fonts/type1/public/amsfonts/cm/cmti12.pfb></usr/share/texlive/texmf-dist/font
s/type1/public/amsfonts/cm/cmtt12.pfb></usr/share/texmf/fonts/type1/public/cm-s
uper/sfrm1200.pfb>
Output written on 00_Report.pdf (59 pages, 917935 bytes).
PDF statistics:
 986 PDF objects out of 1000 (max. 8388607)
 884 compressed objects within 9 object streams
 265 named destinations out of 1000 (max. 500000)
 393 words of extra memory for PDF output out of 10000 (max. 10000000)

