This is pdfTeX, Version 3.141592653-2.6-1.40.25 (TeX Live 2023/Debian) (preloaded format=pdflatex 2024.11.30)  3 AUG 2026 16:23
entering extended mode
 restricted \write18 enabled.
 %&-line parsing enabled.
**Post-MDT.tex
(./Post-MDT.tex
LaTeX2e <2023-11-01> patch level 1
L3 programming layer <2024-01-22>
(/usr/share/texlive/texmf-dist/tex/latex/base/report.cls
Document Class: report 2023/05/17 v1.4n Standard LaTeX document class
(/usr/share/texlive/texmf-dist/tex/latex/base/size12.clo
File: size12.clo 2023/05/17 v1.4n Standard LaTeX file (size option)
)
\c@part=\count187
\c@chapter=\count188
\c@section=\count189
\c@subsection=\count190
\c@subsubsection=\count191
\c@paragraph=\count192
\c@subparagraph=\count193
\c@figure=\count194
\c@table=\count195
\abovecaptionskip=\skip48
\belowcaptionskip=\skip49
\bibindent=\dimen140
)
(/usr/share/texlive/texmf-dist/tex/latex/datetime/datetime.sty
Package: datetime 2015/03/20 v2.60 Date Time Package

(/usr/share/texlive/texmf-dist/tex/latex/etoolbox/etoolbox.sty
Package: etoolbox 2020/10/05 v2.5k e-TeX tools for LaTeX (JAW)
\etb@tempcnta=\count196
)
(/usr/share/texlive/texmf-dist/tex/latex/fmtcount/fmtcount.sty
Package: fmtcount 2020/01/30 v3.07

(/usr/share/texlive/texmf-dist/tex/latex/base/ifthen.sty
Package: ifthen 2022/04/13 v1.1d Standard LaTeX ifthen package (DPC)
)
(/usr/share/texlive/texmf-dist/tex/latex/xkeyval/xkeyval.sty
Package: xkeyval 2022/06/16 v2.9 package option processing (HA)

(/usr/share/texlive/texmf-dist/tex/generic/xkeyval/xkeyval.tex
(/usr/share/texlive/texmf-dist/tex/generic/xkeyval/xkvutils.tex
\XKV@toks=\toks17
\XKV@tempa@toks=\toks18

(/usr/share/texlive/texmf-dist/tex/generic/xkeyval/keyval.tex))
\XKV@depth=\count197
File: xkeyval.tex 2014/12/03 v2.7a key=value parser (HA)
))
(/usr/share/texlive/texmf-dist/tex/latex/fmtcount/fcprefix.sty
Package: fcprefix 2012/09/28

(/usr/share/texlive/texmf-dist/tex/latex/fmtcount/fcnumparser.sty
Package: fcnumparser 2017/06/15
\fc@digit@counter=\count198
))
(/usr/share/texlive/texmf-dist/tex/latex/amsmath/amsgen.sty
File: amsgen.sty 1999/11/30 v2.0 generic functions
\@emptytoks=\toks19
\ex@=\dimen141
)
\c@padzeroesN=\count199
\fc@tmpcatcode=\count266
\@DT@modctr=\count267
\@ordinalctr=\count268
\@orgargctr=\count269
\@strctr=\count270
\@tmpstrctr=\count271
\@DT@loopN=\count272
\@DT@X=\count273
)
(/usr/share/texlive/texmf-dist/tex/latex/datetime/datetime-defaults.sty
Package: datetime-defaults 2013/09/10
)
\@day=\count274
\@month=\count275
\@year=\count276
\c@HOUR=\count277
\c@HOURXII=\count278
\c@MINUTE=\count279
\c@TOHOUR=\count280
\c@TOMINUTE=\count281
\c@SECOND=\count282
\currenthour=\count283
\currentminute=\count284
\currentsecond=\count285
Package datetime Info: No datetime.cfg file found, using default settings on in
put line 308.
\@dtctr=\count286
\dayofyear=\count287
\dayofweek=\count288
LaTeX Info: Redefining \today on input line 736.
\dt@a=\toks20
\dt@b=\toks21
)
(/usr/share/texlive/texmf-dist/tex/latex/graphics/graphicx.sty
Package: graphicx 2021/09/16 v1.2d Enhanced LaTeX Graphics (DPC,SPQR)

(/usr/share/texlive/texmf-dist/tex/latex/graphics/graphics.sty
Package: graphics 2022/03/10 v1.4e Standard LaTeX Graphics (DPC,SPQR)

(/usr/share/texlive/texmf-dist/tex/latex/graphics/trig.sty
Package: trig 2021/08/11 v1.11 sin cos tan (DPC)
)
(/usr/share/texlive/texmf-dist/tex/latex/graphics-cfg/graphics.cfg
File: graphics.cfg 2016/06/04 v1.11 sample graphics configuration
)
Package graphics Info: Driver file: pdftex.def on input line 107.

(/usr/share/texlive/texmf-dist/tex/latex/graphics-def/pdftex.def
File: pdftex.def 2022/09/22 v1.2b Graphics/color driver for pdftex
))
\Gin@req@height=\dimen142
\Gin@req@width=\dimen143
)
(/usr/share/texlive/texmf-dist/tex/latex/natbib/natbib.sty
Package: natbib 2010/09/13 8.31b (PWD, AO)
\bibhang=\skip50
\bibsep=\skip51
LaTeX Info: Redefining \cite on input line 694.
\c@NAT@ctr=\count289
)
(/usr/share/texlive/texmf-dist/tex/latex/setspace/setspace.sty
Package: setspace 2022/12/04 v6.7b set line spacing
)
(/usr/share/texlive/texmf-dist/tex/latex/geometry/geometry.sty
Package: geometry 2020/01/02 v5.9 Page Geometry

(/usr/share/texlive/texmf-dist/tex/generic/iftex/ifvtex.sty
Package: ifvtex 2019/10/25 v1.7 ifvtex legacy package. Use iftex instead.

(/usr/share/texlive/texmf-dist/tex/generic/iftex/iftex.sty
Package: iftex 2022/02/03 v1.0f TeX engine tests
))
\Gm@cnth=\count290
\Gm@cntv=\count291
\c@Gm@tempcnt=\count292
\Gm@bindingoffset=\dimen144
\Gm@wd@mp=\dimen145
\Gm@odd@mp=\dimen146
\Gm@even@mp=\dimen147
\Gm@layoutwidth=\dimen148
\Gm@layoutheight=\dimen149
\Gm@layouthoffset=\dimen150
\Gm@layoutvoffset=\dimen151
\Gm@dimlist=\toks22
)
(/usr/share/texlive/texmf-dist/tex/latex/base/textcomp.sty
Package: textcomp 2020/02/02 v2.0n Standard LaTeX package
)
(/usr/share/texlive/texmf-dist/tex/latex/tools/tabularx.sty
Package: tabularx 2023/07/08 v2.11c `tabularx' package (DPC)

(/usr/share/texlive/texmf-dist/tex/latex/tools/array.sty
Package: array 2023/10/16 v2.5g Tabular extension package (FMi)
\col@sep=\dimen152
\ar@mcellbox=\box51
\extrarowheight=\dimen153
\NC@list=\toks23
\extratabsurround=\skip52
\backup@length=\skip53
\ar@cellbox=\box52
)
\TX@col@width=\dimen154
\TX@old@table=\dimen155
\TX@old@col=\dimen156
\TX@target=\dimen157
\TX@delta=\dimen158
\TX@cols=\count293
\TX@ftn=\toks24
)
(/usr/share/texlive/texmf-dist/tex/latex/enumitem/enumitem.sty
Package: enumitem 2019/06/20 v3.9 Customized lists
\enitkv@toks@=\toks25
\labelindent=\skip54
\enit@outerparindent=\dimen159
\enit@toks=\toks26
\enit@inbox=\box53
\enit@count@id=\count294
\enitdp@description=\count295
)
(/usr/share/texlive/texmf-dist/tex/latex/amsfonts/amssymb.sty
Package: amssymb 2013/01/14 v3.01 AMS font symbols

(/usr/share/texlive/texmf-dist/tex/latex/amsfonts/amsfonts.sty
Package: amsfonts 2013/01/14 v3.01 Basic AMSFonts support
\symAMSa=\mathgroup4
\symAMSb=\mathgroup5
LaTeX Font Info:    Redeclaring math symbol \hbar on input line 98.
LaTeX Font Info:    Overwriting math alphabet `\mathfrak' in version `bold'
(Font)                  U/euf/m/n --> U/euf/b/n on input line 106.
))
(/usr/share/texlive/texmf-dist/tex/latex/acronym/acronym.sty
Package: acronym 2020/04/17 v1.47 Support for acronyms (Tobias Oetiker)

(/usr/share/texlive/texmf-dist/tex/latex/bigfoot/suffix.sty
Package: suffix 2006/07/15 1.5a Variant command support
)
(/usr/share/texlive/texmf-dist/tex/generic/xstring/xstring.sty
(/usr/share/texlive/texmf-dist/tex/generic/xstring/xstring.tex
\xs_counta=\count296
\xs_countb=\count297
)
Package: xstring 2023/08/22 v1.86 String manipulations (CT)
)
\AC@clearlist=\toks27
)
(/usr/share/texlive/texmf-dist/tex/latex/tools/longtable.sty
Package: longtable 2023-11-01 v4.19 Multi-page Table package (DPC)
\LTleft=\skip55
\LTright=\skip56
\LTpre=\skip57
\LTpost=\skip58
\LTchunksize=\count298
\LTcapwidth=\dimen160
\LT@head=\box54
\LT@firsthead=\box55
\LT@foot=\box56
\LT@lastfoot=\box57
\LT@gbox=\box58
\LT@cols=\count299
\LT@rows=\count300
\c@LT@tables=\count301
\c@LT@chunks=\count302
\LT@p@ftn=\toks28
)
(/usr/share/texlive/texmf-dist/tex/latex/xurl/xurl.sty
Package: xurl 2022/01/09 v 0.10 modify URL breaks

(/usr/share/texlive/texmf-dist/tex/latex/url/url.sty
\Urlmuskip=\muskip16
Package: url 2013/09/16  ver 3.4  Verb mode for urls, etc.
))
(/usr/share/texlive/texmf-dist/tex/latex/hyperref/hyperref.sty
Package: hyperref 2024-01-20 v7.01h Hypertext links for LaTeX

(/usr/share/texlive/texmf-dist/tex/latex/kvsetkeys/kvsetkeys.sty
Package: kvsetkeys 2022-10-05 v1.19 Key value parser (HO)
)
(/usr/share/texlive/texmf-dist/tex/generic/kvdefinekeys/kvdefinekeys.sty
Package: kvdefinekeys 2019-12-19 v1.6 Define keys (HO)
)
(/usr/share/texlive/texmf-dist/tex/generic/pdfescape/pdfescape.sty
Package: pdfescape 2019/12/09 v1.15 Implements pdfTeX's escape features (HO)

(/usr/share/texlive/texmf-dist/tex/generic/ltxcmds/ltxcmds.sty
Package: ltxcmds 2023-12-04 v1.26 LaTeX kernel commands for general use (HO)
)
(/usr/share/texlive/texmf-dist/tex/generic/pdftexcmds/pdftexcmds.sty
Package: pdftexcmds 2020-06-27 v0.33 Utility functions of pdfTeX for LuaTeX (HO
)

(/usr/share/texlive/texmf-dist/tex/generic/infwarerr/infwarerr.sty
Package: infwarerr 2019/12/03 v1.5 Providing info/warning/error messages (HO)
)
Package pdftexcmds Info: \pdf@primitive is available.
Package pdftexcmds Info: \pdf@ifprimitive is available.
Package pdftexcmds Info: \pdfdraftmode found.
))
(/usr/share/texlive/texmf-dist/tex/latex/hycolor/hycolor.sty
Package: hycolor 2020-01-27 v1.10 Color options for hyperref/bookmark (HO)
)
(/usr/share/texlive/texmf-dist/tex/latex/auxhook/auxhook.sty
Package: auxhook 2019-12-17 v1.6 Hooks for auxiliary files (HO)
)
(/usr/share/texlive/texmf-dist/tex/latex/hyperref/nameref.sty
Package: nameref 2023-11-26 v2.56 Cross-referencing by name of section

(/usr/share/texlive/texmf-dist/tex/latex/refcount/refcount.sty
Package: refcount 2019/12/15 v3.6 Data extraction from label references (HO)
)
(/usr/share/texlive/texmf-dist/tex/generic/gettitlestring/gettitlestring.sty
Package: gettitlestring 2019/12/15 v1.6 Cleanup title references (HO)

(/usr/share/texlive/texmf-dist/tex/latex/kvoptions/kvoptions.sty
Package: kvoptions 2022-06-15 v3.15 Key value format for package options (HO)
))
\c@section@level=\count303
)
\@linkdim=\dimen161
\Hy@linkcounter=\count304
\Hy@pagecounter=\count305

(/usr/share/texlive/texmf-dist/tex/latex/hyperref/pd1enc.def
File: pd1enc.def 2024-01-20 v7.01h Hyperref: PDFDocEncoding definition (HO)
Now handling font encoding PD1 ...
... no UTF-8 mapping file for font encoding PD1
)
(/usr/share/texlive/texmf-dist/tex/generic/intcalc/intcalc.sty
Package: intcalc 2019/12/15 v1.3 Expandable calculations with integers (HO)
)
\Hy@SavedSpaceFactor=\count306

(/usr/share/texlive/texmf-dist/tex/latex/hyperref/puenc.def
File: puenc.def 2024-01-20 v7.01h Hyperref: PDF Unicode definition (HO)
Now handling font encoding PU ...
... no UTF-8 mapping file for font encoding PU
)
Package hyperref Info: Hyper figures OFF on input line 4179.
Package hyperref Info: Link nesting OFF on input line 4184.
Package hyperref Info: Hyper index ON on input line 4187.
Package hyperref Info: Plain pages OFF on input line 4194.
Package hyperref Info: Backreferencing OFF on input line 4199.
Package hyperref Info: Implicit mode ON; LaTeX internals redefined.
Package hyperref Info: Bookmarks ON on input line 4446.
\c@Hy@tempcnt=\count307
LaTeX Info: Redefining \url on input line 4784.
\XeTeXLinkMargin=\dimen162

(/usr/share/texlive/texmf-dist/tex/generic/bitset/bitset.sty
Package: bitset 2019/12/09 v1.3 Handle bit-vector datatype (HO)

(/usr/share/texlive/texmf-dist/tex/generic/bigintcalc/bigintcalc.sty
Package: bigintcalc 2019/12/15 v1.5 Expandable calculations on big integers (HO
)
))
\Fld@menulength=\count308
\Field@Width=\dimen163
\Fld@charsize=\dimen164
Package hyperref Info: Hyper figures OFF on input line 6063.
Package hyperref Info: Link nesting OFF on input line 6068.
Package hyperref Info: Hyper index ON on input line 6071.
Package hyperref Info: backreferencing OFF on input line 6078.
Package hyperref Info: Link coloring OFF on input line 6083.
Package hyperref Info: Link coloring with OCG OFF on input line 6088.
Package hyperref Info: PDF/A mode OFF on input line 6093.

(/usr/share/texlive/texmf-dist/tex/latex/base/atbegshi-ltx.sty
Package: atbegshi-ltx 2021/01/10 v1.0c Emulation of the original atbegshi
package with kernel methods
)
\Hy@abspage=\count309
\c@Item=\count310
\c@Hfootnote=\count311
)
Package hyperref Info: Driver (autodetected): hpdftex.

(/usr/share/texlive/texmf-dist/tex/latex/hyperref/hpdftex.def
File: hpdftex.def 2024-01-20 v7.01h Hyperref driver for pdfTeX

(/usr/share/texlive/texmf-dist/tex/latex/base/atveryend-ltx.sty
Package: atveryend-ltx 2020/08/19 v1.0a Emulation of the original atveryend pac
kage
with kernel methods
)
\Fld@listcount=\count312
\c@bookmark@seq@number=\count313

(/usr/share/texlive/texmf-dist/tex/latex/rerunfilecheck/rerunfilecheck.sty
Package: rerunfilecheck 2022-07-10 v1.10 Rerun checks for auxiliary files (HO)

(/usr/share/texlive/texmf-dist/tex/generic/uniquecounter/uniquecounter.sty
Package: uniquecounter 2019/12/15 v1.4 Provide unlimited unique counter (HO)
)
Package uniquecounter Info: New unique counter `rerunfilecheck' on input line 2
85.
)
\Hy@SectionHShift=\skip59
)
(/usr/share/texlive/texmf-dist/tex/latex/float/float.sty
Package: float 2001/11/08 v1.3d Float enhancements (AL)
\c@float@type=\count314
\float@exts=\toks29
\float@box=\box59
\@float@everytoks=\toks30
\@floatcapt=\box60
)
(/usr/share/texlive/texmf-dist/tex/latex/l3backend/l3backend-pdftex.def
File: l3backend-pdftex.def 2024-01-04 L3 backend support: PDF output (pdfTeX)
\l__color_backend_stack_int=\count315
\l__pdf_internal_box=\box61
)
(./Post-MDT.aux (./declaration.aux) (./abstract.aux) (./acknowledgements.aux)
(./01_Intro.aux) (./02_Literature.aux) (./03_Method.aux)
(./04_Results_Analysis.aux) (./05_Discussion.aux) (./11_IDR_Architecture.aux)
(./13_Data_Dictionary.aux) (./12_ETL.aux) (./10_Dashboard_Evaluation.aux))
\openout1 = `Post-MDT.aux'.

LaTeX Font Info:    Checking defaults for OML/cmm/m/it on input line 33.
LaTeX Font Info:    ... okay on input line 33.
LaTeX Font Info:    Checking defaults for OMS/cmsy/m/n on input line 33.
LaTeX Font Info:    ... okay on input line 33.
LaTeX Font Info:    Checking defaults for OT1/cmr/m/n on input line 33.
LaTeX Font Info:    ... okay on input line 33.
LaTeX Font Info:    Checking defaults for T1/cmr/m/n on input line 33.
LaTeX Font Info:    ... okay on input line 33.
LaTeX Font Info:    Checking defaults for TS1/cmr/m/n on input line 33.
LaTeX Font Info:    ... okay on input line 33.
LaTeX Font Info:    Checking defaults for OMX/cmex/m/n on input line 33.
LaTeX Font Info:    ... okay on input line 33.
LaTeX Font Info:    Checking defaults for U/cmr/m/n on input line 33.
LaTeX Font Info:    ... okay on input line 33.
LaTeX Font Info:    Checking defaults for PD1/pdf/m/n on input line 33.
LaTeX Font Info:    ... okay on input line 33.
LaTeX Font Info:    Checking defaults for PU/pdf/m/n on input line 33.
LaTeX Font Info:    ... okay on input line 33.

(/usr/share/texlive/texmf-dist/tex/latex/fmtcount/fc-english.def
File: fc-english.def 2016/01/12
)
(/usr/share/texlive/texmf-dist/tex/context/base/mkii/supp-pdf.mkii
[Loading MPS to PDF converter (version 2006.09.02).]
\scratchcounter=\count316
\scratchdimen=\dimen165
\scratchbox=\box62
\nofMPsegments=\count317
\nofMParguments=\count318
\everyMPshowfont=\toks31
\MPscratchCnt=\count319
\MPscratchDim=\dimen166
\MPnumerator=\count320
\makeMPintoPDFobject=\count321
\everyMPtoPDFconversion=\toks32
) (/usr/share/texlive/texmf-dist/tex/latex/epstopdf-pkg/epstopdf-base.sty
Package: epstopdf-base 2020-01-24 v2.11 Base part for package epstopdf
Package epstopdf-base Info: Redefining graphics rule for `.eps' on input line 4
85.

(/usr/share/texlive/texmf-dist/tex/latex/latexconfig/epstopdf-sys.cfg
File: epstopdf-sys.cfg 2010/07/13 v1.3 Configuration of (r)epstopdf for TeX Liv
e
))
*geometry* driver: auto-detecting
*geometry* detected driver: pdftex
*geometry* verbose mode - [ preamble ] result:
* driver: pdftex
* paper: a4paper
* layout: <same size as paper>
* layoutoffset:(h,v)=(0.0pt,0.0pt)
* modes: twoside 
* h-part:(L,W,R)=(56.9055pt, 483.69687pt, 56.9055pt)
* v-part:(T,H,B)=(56.9055pt, 717.00946pt, 71.13188pt)
* \paperwidth=597.50787pt
* \paperheight=845.04684pt
* \textwidth=483.69687pt
* \textheight=717.00946pt
* \oddsidemargin=-15.36449pt
* \evensidemargin=-15.36449pt
* \topmargin=-52.36449pt
* \headheight=12.0pt
* \headsep=25.0pt
* \topskip=12.0pt
* \footskip=30.0pt
* \marginparwidth=85.0pt
* \marginparsep=10.0pt
* \columnsep=10.0pt
* \skip\footins=10.8pt plus 4.0pt minus 2.0pt
* \hoffset=0.0pt
* \voffset=0.0pt
* \mag=1000
* \@twocolumnfalse
* \@twosidetrue
* \@mparswitchtrue
* \@reversemarginfalse
* (1in=72.27pt=25.4mm, 1cm=28.453pt)

Package hyperref Info: Link coloring OFF on input line 33.
(./Post-MDT.out) (./Post-MDT.out)
\@outlinefile=\write3
\openout3 = `Post-MDT.out'.

<logo.png, id=271, 762.85pt x 261.97874pt>
File: logo.png Graphic file (type png)
<use logo.png>
Package pdftex.def Info: logo.png  used on input line 40.
(pdftex.def)             Requested size: 120.92421pt x 41.5257pt.
 [1

{/var/lib/texmf/fonts/map/pdftex/updmap/pdftex.map} <./logo.png>]
\openout2 = `declaration.aux'.

 (./declaration.tex) [1



{/usr/share/texmf/fonts/enc/dvips/cm-super/cm-super-ts1.enc}]
\openout2 = `abstract.aux'.

 (./abstract.tex
pdfTeX warning (ext4): destination with the same identifier (name{page.i}) has 
been already used, duplicate ignored
<to be read again> 
                   \relax 
l.10 \end{abstract}
                    [1



])
\openout2 = `acknowledgements.aux'.

 (./acknowledgements.tex) [2




] (./Post-MDT.toc
LaTeX Font Info:    Trying to load font information for U+msa on input line 8.

(/usr/share/texlive/texmf-dist/tex/latex/amsfonts/umsa.fd
File: umsa.fd 2013/01/14 v3.01 AMS symbols A
)
LaTeX Font Info:    Trying to load font information for U+msb on input line 8.

(/usr/share/texlive/texmf-dist/tex/latex/amsfonts/umsb.fd
File: umsb.fd 2013/01/14 v3.01 AMS symbols B
) [3



] [4])
\tf@toc=\write4
\openout4 = `Post-MDT.toc'.

 [5]
[6] (./Post-MDT.lof)
\tf@lof=\write5
\openout5 = `Post-MDT.lof'.

 [7


] (./Post-MDT.lot)
\tf@lot=\write6
\openout6 = `Post-MDT.lot'.

 [8


] (./acronym.tex

LaTeX Warning: Hyper reference `acro:AI' on page ix undefined on input line 3.


LaTeX Warning: Hyper reference `acro:AI' on page ix undefined on input line 3.


LaTeX Warning: Hyper reference `acro:CDSS' on page ix undefined on input line 5
.


LaTeX Warning: Hyper reference `acro:CDSS' on page ix undefined on input line 5
.


LaTeX Warning: Hyper reference `acro:CDW' on page ix undefined on input line 6.



LaTeX Warning: Hyper reference `acro:CDW' on page ix undefined on input line 6.



LaTeX Warning: Hyper reference `acro:CWT' on page ix undefined on input line 7.



LaTeX Warning: Hyper reference `acro:CWT' on page ix undefined on input line 7.



LaTeX Warning: Hyper reference `acro:DSR' on page ix undefined on input line 9.



LaTeX Warning: Hyper reference `acro:DSR' on page ix undefined on input line 9.



LaTeX Warning: Hyper reference `acro:DSRM' on page ix undefined on input line 1
0.


LaTeX Warning: Hyper reference `acro:DSRM' on page ix undefined on input line 1
0.


LaTeX Warning: Hyper reference `acro:DTI' on page ix undefined on input line 11
.


LaTeX Warning: Hyper reference `acro:DTI' on page ix undefined on input line 11
.


LaTeX Warning: Hyper reference `acro:DTT' on page ix undefined on input line 12
.


LaTeX Warning: Hyper reference `acro:DTT' on page ix undefined on input line 12
.


LaTeX Warning: Hyper reference `acro:ETL' on page ix undefined on input line 14
.


LaTeX Warning: Hyper reference `acro:ETL' on page ix undefined on input line 14
.


LaTeX Warning: Hyper reference `acro:EPR' on page ix undefined on input line 15
.


LaTeX Warning: Hyper reference `acro:EPR' on page ix undefined on input line 15
.


LaTeX Warning: Hyper reference `acro:FDS' on page ix undefined on input line 17
.


LaTeX Warning: Hyper reference `acro:FDS' on page ix undefined on input line 17
.


LaTeX Warning: Hyper reference `acro:FHIR' on page ix undefined on input line 1
8.


LaTeX Warning: Hyper reference `acro:FHIR' on page ix undefined on input line 1
8.


LaTeX Warning: Hyper reference `acro:GDPR' on page ix undefined on input line 2
0.


LaTeX Warning: Hyper reference `acro:GDPR' on page ix undefined on input line 2
0.


LaTeX Warning: Hyper reference `acro:HCI' on page ix undefined on input line 22
.


LaTeX Warning: Hyper reference `acro:HCI' on page ix undefined on input line 22
.


LaTeX Warning: Hyper reference `acro:IDR' on page ix undefined on input line 24
.


LaTeX Warning: Hyper reference `acro:IDR' on page ix undefined on input line 24
.


LaTeX Warning: Hyper reference `acro:JCCO' on page ix undefined on input line 2
6.


LaTeX Warning: Hyper reference `acro:JCCO' on page ix undefined on input line 2
6.


LaTeX Warning: Hyper reference `acro:JSON' on page ix undefined on input line 2
7.


LaTeX Warning: Hyper reference `acro:JSON' on page ix undefined on input line 2
7.


LaTeX Warning: Hyper reference `acro:MDT' on page ix undefined on input line 29
.


LaTeX Warning: Hyper reference `acro:MDT' on page ix undefined on input line 29
.


LaTeX Warning: Hyper reference `acro:NCWTMDS' on page ix undefined on input lin
e 31.


LaTeX Warning: Hyper reference `acro:NCWTMDS' on page ix undefined on input lin
e 31.


LaTeX Warning: Hyper reference `acro:NHS' on page ix undefined on input line 32
.


LaTeX Warning: Hyper reference `acro:NHS' on page ix undefined on input line 32
.


LaTeX Warning: Hyper reference `acro:OIS' on page ix undefined on input line 34
.


LaTeX Warning: Hyper reference `acro:OIS' on page ix undefined on input line 34
.


LaTeX Warning: Hyper reference `acro:PAS' on page ix undefined on input line 36
.


LaTeX Warning: Hyper reference `acro:PAS' on page ix undefined on input line 36
.


LaTeX Warning: Hyper reference `acro:PACS' on page ix undefined on input line 3
7.


LaTeX Warning: Hyper reference `acro:PACS' on page ix undefined on input line 3
7.


LaTeX Warning: Hyper reference `acro:PDCA' on page ix undefined on input line 3
8.


LaTeX Warning: Hyper reference `acro:PDCA' on page ix undefined on input line 3
8.


LaTeX Warning: Hyper reference `acro:PTL' on page ix undefined on input line 39
.


LaTeX Warning: Hyper reference `acro:PTL' on page ix undefined on input line 39
.


LaTeX Warning: Hyper reference `acro:QA' on page ix undefined on input line 41.



LaTeX Warning: Hyper reference `acro:QA' on page ix undefined on input line 41.



LaTeX Warning: Hyper reference `acro:RCR' on page ix undefined on input line 43
.


LaTeX Warning: Hyper reference `acro:RCR' on page ix undefined on input line 43
.


LaTeX Warning: Hyper reference `acro:RIS' on page ix undefined on input line 44
.


LaTeX Warning: Hyper reference `acro:RIS' on page ix undefined on input line 44
.


LaTeX Warning: Hyper reference `acro:RTT' on page ix undefined on input line 45
.


LaTeX Warning: Hyper reference `acro:RTT' on page ix undefined on input line 45
.


LaTeX Warning: Hyper reference `acro:SABR' on page ix undefined on input line 4
7.


LaTeX Warning: Hyper reference `acro:SABR' on page ix undefined on input line 4
7.


LaTeX Warning: Hyper reference `acro:SACT' on page ix undefined on input line 4
8.


LaTeX Warning: Hyper reference `acro:SACT' on page ix undefined on input line 4
8.


LaTeX Warning: Hyper reference `acro:SQL' on page ix undefined on input line 49
.


LaTeX Warning: Hyper reference `acro:SQL' on page ix undefined on input line 49
.

[9


]

LaTeX Warning: Hyper reference `acro:SUS' on page x undefined on input line 50.



LaTeX Warning: Hyper reference `acro:SUS' on page x undefined on input line 50.


) [10]
\openout2 = `01_Intro.aux'.

 (./01_Intro.tex
Chapter 1.

pdfTeX warning (ext4): destination with the same identifier (name{page.1}) has 
been already used, duplicate ignored
<to be read again> 
                   \relax 
l.9 
     [1



] [2]
Underfull \hbox (badness 2197) in paragraph at lines 37--37
[]|\OT1/cmr/bx/n/12 RQ2\OT1/cmr/m/n/12 : What op-er-a-tional
 []


Underfull \hbox (badness 10000) in paragraph at lines 41--42
[]|\OT1/cmr/m/n/12 Literature syn-the-sis and
 []

[3
pdfTeX warning (ext4): destination with the same identifier (name{table.1.1}) h
as been already used, duplicate ignored
<argument> ...shipout:D \box_use:N \l_shipout_box 
                                                  \__shipout_drop_firstpage_...
l.60     \item a
                n IDR reference architecture for oncology operations;])
[4]
\openout2 = `02_Literature.aux'.

 (./02_Literature.tex
Chapter 2.
[5




]
<LitProc.png, id=548, 841.1425pt x 558.085pt>
File: LitProc.png Graphic file (type png)
<use LitProc.png>
Package pdftex.def Info: LitProc.png  used on input line 27.
(pdftex.def)             Requested size: 362.77264pt x 240.69571pt.
 [6
pdfTeX warning (ext4): destination with the same identifier (name{figure.2.1}) 
has been already used, duplicate ignored
<argument> ...shipout:D \box_use:N \l_shipout_box 
                                                  \__shipout_drop_firstpage_...
l.38 
      <./LitProc.png>] [7] [8] [9]
Overfull \hbox (8.16191pt too wide) in paragraph at lines 93--94
[]\OT1/cmr/m/n/12 Missing di-ag-nos-tic in-for-ma-tion and ad-min-is-tra-tive e
r-rors cause re-discussion de-lays ([]Soukup
 []

[10] [11] [12] [13] [14] [15] [16]
<ConceptualDiagram.png, id=747, 2198.2125pt x 869.2475pt>
File: ConceptualDiagram.png Graphic file (type png)
<use ConceptualDiagram.png>
Package pdftex.def Info: ConceptualDiagram.png  used on input line 258.
(pdftex.def)             Requested size: 483.69687pt x 191.26157pt.
 [17
pdfTeX warning (ext4): destination with the same identifier (name{figure.2.2}) 
has been already used, duplicate ignored
<argument> ...shipout:D \box_use:N \l_shipout_box 
                                                  \__shipout_drop_firstpage_...
l.268 
       <./ConceptualDiagram.png>]) [18]
\openout2 = `03_Method.aux'.

 (./03_Method.tex
Chapter 3.
[19




] [20]
Overfull \hbox (0.26755pt too wide) in paragraph at lines 38--39
\OT1/cmr/m/n/12 Solution ob-jec-tives were de-rived through a re-quire-ments el
ic-i-ta-tion pro-cess com-bin-ing literature-
 []

[21]
Overfull \hbox (25.42563pt too wide) in paragraph at lines 59--60
[]\OT1/cmr/m/n/12 Initial re-quire-ments were gath-ered through dis-cus-sions w
ith op-er-a-tional man-agers within Portsmouth
 []

[22] [23
pdfTeX warning (ext4): destination with the same identifier (name{table.3.1}) h
as been already used, duplicate ignored
<argument> ...shipout:D \box_use:N \l_shipout_box 
                                                  \__shipout_drop_firstpage_...
l.103 
      ]
Overfull \hbox (1.20238pt too wide) in paragraph at lines 108--109
\OT1/cmr/m/n/12 greSQL. In-di-vid-ual ETL pro-cesses were cre-ated for each sou
rce dataset and or-ches-trated through
 []

<LogicalArchitecture.png, id=807, 845.1575pt x 1909.1325pt>
File: LogicalArchitecture.png Graphic file (type png)
<use LogicalArchitecture.png>
Package pdftex.def Info: LogicalArchitecture.png  used on input line 127.
(pdftex.def)             Requested size: 290.22107pt x 655.59268pt.
[24] [25
pdfTeX warning (ext4): destination with the same identifier (name{figure.3.1}) 
has been already used, duplicate ignored
<argument> ...shipout:D \box_use:N \l_shipout_box 
                                                  \__shipout_drop_firstpage_...
l.135 N
       HS numbers were used as the primary identifier wherever possible and ...
 <./LogicalArchitecture.png>] [26]
<RTPathwayDataLineage.png, id=825, 453.695pt x 805.0075pt>
File: RTPathwayDataLineage.png Graphic file (type png)
<use RTPathwayDataLineage.png>
Package pdftex.def Info: RTPathwayDataLineage.png  used on input line 158.
(pdftex.def)             Requested size: 362.77264pt x 643.68753pt.
 [27] [28
pdfTeX warning (ext4): destination with the same identifier (name{figure.3.2}) 
has been already used, duplicate ignored
<argument> ...shipout:D \box_use:N \l_shipout_box 
                                                  \__shipout_drop_firstpage_...
l.178 
       <./RTPathwayDataLineage.png>] [29]
Overfull \hbox (8.00081pt too wide) in paragraph at lines 200--201
\OT1/cmr/m/n/12 Exploratory anal-y-sis iden-ti-fied sev-eral data-quality chal-
lenges in-clud-ing du-pli-cate re-fer-ral records,
 []

[30
pdfTeX warning (ext4): destination with the same identifier (name{table.3.2}) h
as been already used, duplicate ignored
<argument> ...shipout:D \box_use:N \l_shipout_box 
                                                  \__shipout_drop_firstpage_...
l.231 
      ] [31] [32]) [33]
\openout2 = `04_Results_Analysis.aux'.

 (./04_Results_Analysis.tex
Chapter 4.
[34




]
<DB_Onc.png, id=886, 1418.29875pt x 793.96625pt>
File: DB_Onc.png Graphic file (type png)
<use DB_Onc.png>
Package pdftex.def Info: DB_Onc.png  used on input line 23.
(pdftex.def)             Requested size: 483.69687pt x 270.76877pt.
 [35
pdfTeX warning (ext4): destination with the same identifier (name{figure.4.1}) 
has been already used, duplicate ignored
<argument> ...shipout:D \box_use:N \l_shipout_box 
                                                  \__shipout_drop_firstpage_...
l.32 \subsection
                {Booking and Clinic Lead Times} <./DB_Onc.png>] [36]
<DB_RT.png, id=901, 1418.29875pt x 793.96625pt>
File: DB_RT.png Graphic file (type png)
<use DB_RT.png>
Package pdftex.def Info: DB_RT.png  used on input line 62.
(pdftex.def)             Requested size: 483.69687pt x 270.76877pt.
 [37
pdfTeX warning (ext4): destination with the same identifier (name{figure.4.2}) 
has been already used, duplicate ignored
<argument> ...shipout:D \box_use:N \l_shipout_box 
                                                  \__shipout_drop_firstpage_...
l.73 
      <./DB_RT.png>]
<RAD20.png, id=912, 1272.755pt x 704.6325pt>
File: RAD20.png Graphic file (type png)
<use RAD20.png>
Package pdftex.def Info: RAD20.png  used on input line 82.
(pdftex.def)             Requested size: 483.69687pt x 267.78464pt.
<DB_Overview.png, id=922, 1418.29875pt x 793.96625pt>
File: DB_Overview.png Graphic file (type png)
<use DB_Overview.png>
Package pdftex.def Info: DB_Overview.png  used on input line 109.
(pdftex.def)             Requested size: 483.69687pt x 270.76877pt.
 [38] [39
pdfTeX warning (ext4): destination with the same identifier (name{figure.4.3}) 
has been already used, duplicate ignored
<argument> ...shipout:D \box_use:N \l_shipout_box 
                                                  \__shipout_drop_firstpage_...
l.139 
      
pdfTeX warning (ext4): destination with the same identifier (name{table.4.1}) h
as been already used, duplicate ignored
<argument> ...shipout:D \box_use:N \l_shipout_box 
                                                  \__shipout_drop_firstpage_...
l.139 
       <./RAD20.png>] [40
pdfTeX warning (ext4): destination with the same identifier (name{figure.4.4}) 
has been already used, duplicate ignored
<argument> ...shipout:D \box_use:N \l_shipout_box 
                                                  \__shipout_drop_firstpage_...
l.156 
       <./DB_Overview.png>] [41]

LaTeX Warning: `h' float specifier changed to `ht'.

[42]) [43
pdfTeX warning (ext4): destination with the same identifier (name{table.4.2}) h
as been already used, duplicate ignored
<argument> ...shipout:D \box_use:N \l_shipout_box 
                                                  \__shipout_drop_firstpage_...
l.87 \include{04_Results_Analysis}
                                  ]
\openout2 = `05_Discussion.aux'.

 (./05_Discussion.tex
Chapter 5.
[44




]
Overfull \hbox (1.17726pt too wide) in paragraph at lines 14--15
[]\OT1/cmr/m/n/12 Importantly, the ob-served me-dian referral-to-clinic in-ter-
val of 15 days pro-vides the first evidence-
 []

[45] [46] [47] [48] [49] [50] [51]) [52] (./Post-MDT.bbl [53




] [54]
LaTeX Font Info:    Trying to load font information for OMS+cmr on input line 1
40.

(/usr/share/texlive/texmf-dist/tex/latex/base/omscmr.fd
File: omscmr.fd 2023/04/13 v2.5m Standard LaTeX font definitions
)
LaTeX Font Info:    Font shape `OMS/cmr/m/n' in size <12> not available
(Font)              Font shape `OMS/cmsy/m/n' tried instead on input line 140.
 [55] [56] [57])
[58]
\openout2 = `11_IDR_Architecture.aux'.

 (./11_IDR_Architecture.tex
Appendix A.

Underfull \hbox (badness 1688) in paragraph at lines 18--19
[]|\OT1/cmr/m/n/12 Analytics-ready datasets used for op-er-a-
 []


Underfull \hbox (badness 1910) in paragraph at lines 35--35
[]|\OT1/cmr/m/n/12 Patient Ad-min-
 []


LaTeX Warning: `h' float specifier changed to `ht'.

) [59




pdfTeX warning (ext4): destination with the same identifier (name{table.A.1}) h
as been already used, duplicate ignored
<argument> ...shipout:D \box_use:N \l_shipout_box 
                                                  \__shipout_drop_firstpage_...
l.97 \include{11_IDR_Architecture}
                                  ] [60
pdfTeX warning (ext4): destination with the same identifier (name{table.A.2}) h
as been already used, duplicate ignored
<argument> ...shipout:D \box_use:N \l_shipout_box 
                                                  \__shipout_drop_firstpage_...
l.97 \include{11_IDR_Architecture}
                                  ]
\openout2 = `13_Data_Dictionary.aux'.

 (./13_Data_Dictionary.tex
Appendix B.

Underfull \hbox (badness 1406) in paragraph at lines 17--18
[]|\OT1/cmr/m/n/12 Earliest clin-i-cally agreed decision-to-treat
 []

) [61





pdfTeX warning (ext4): destination with the same identifier (name{table.B.1}) h
as been already used, duplicate ignored
<argument> ...shipout:D \box_use:N \l_shipout_box 
                                                  \__shipout_drop_firstpage_...
l.98 \include{13_Data_Dictionary}
                                 ]
\openout2 = `12_ETL.aux'.

 (./12_ETL.tex
Appendix C.
[62




]) [63]
\openout2 = `10_Dashboard_Evaluation.aux'.

 (./10_Dashboard_Evaluation.tex
Appendix D.

LaTeX Warning: `h' float specifier changed to `ht'.

[64





pdfTeX warning (ext4): destination with the same identifier (name{table.D.1}) h
as been already used, duplicate ignored
<argument> ...shipout:D \box_use:N \l_shipout_box 
                                                  \__shipout_drop_firstpage_...
l.78 \clearpage
               
pdfTeX warning (ext4): destination with the same identifier (name{table.D.2}) h
as been already used, duplicate ignored
<argument> ...shipout:D \box_use:N \l_shipout_box 
                                                  \__shipout_drop_firstpage_...
l.78 \clearpage
               ] [65
pdfTeX warning (ext4): destination with the same identifier (name{table.D.3}) h
as been already used, duplicate ignored
<argument> ...shipout:D \box_use:N \l_shipout_box 
                                                  \__shipout_drop_firstpage_...
l.78 \clearpage
               
pdfTeX warning (ext4): destination with the same identifier (name{table.D.4}) h
as been already used, duplicate ignored
<argument> ...shipout:D \box_use:N \l_shipout_box 
                                                  \__shipout_drop_firstpage_...
l.78 \clearpage
               ]) [66


pdfTeX warning (ext4): destination with the same identifier (name{table.D.5}) h
as been already used, duplicate ignored
<argument> ...shipout:D \box_use:N \l_shipout_box 
                                                  \__shipout_drop_firstpage_...
l.100 \include{10_Dashboard_Evaluation}
                                       ] (./Post-MDT.aux (./declaration.aux)
(./abstract.aux) (./acknowledgements.aux) (./01_Intro.aux) (./02_Literature.aux
) (./03_Method.aux) (./04_Results_Analysis.aux) (./05_Discussion.aux)
(./11_IDR_Architecture.aux) (./13_Data_Dictionary.aux) (./12_ETL.aux)
(./10_Dashboard_Evaluation.aux))
 ***********
LaTeX2e <2023-11-01> patch level 1
L3 programming layer <2024-01-22>
 ***********


LaTeX Warning: There were undefined references.

Package rerunfilecheck Info: File `Post-MDT.out' has not changed.
(rerunfilecheck)             Checksum: 8FFFE927B7B40B5DB0D5F0DFEFB4D7ED;11911.
 ) 
Here is how much of TeX's memory you used:
 13042 strings out of 474222
 202367 string characters out of 5748732
 1948975 words of memory out of 5000000
 34687 multiletter control sequences out of 15000+600000
 566297 words of font info for 66 fonts, out of 8000000 for 9000
 1141 hyphenation exceptions out of 8191
 75i,11n,79p,1051b,693s stack positions out of 10000i,1000n,20000p,200000b,200000s
</usr/share/texlive/texmf-dist/fonts/type1/public/amsfonts/cm/cmbx12.pfb></us
r/share/texlive/texmf-dist/fonts/type1/public/amsfonts/cm/cmr12.pfb></usr/share
/texlive/texmf-dist/fonts/type1/public/amsfonts/cm/cmr17.pfb></usr/share/texliv
e/texmf-dist/fonts/type1/public/amsfonts/cm/cmsy10.pfb></usr/share/texlive/texm
f-dist/fonts/type1/public/amsfonts/cm/cmti12.pfb></usr/share/texlive/texmf-dist
/fonts/type1/public/amsfonts/cm/cmtt12.pfb></usr/share/texmf/fonts/type1/public
/cm-super/sfrm1200.pfb>
Output written on Post-MDT.pdf (78 pages, 1072020 bytes).
PDF statistics:
 1276 PDF objects out of 1440 (max. 8388607)
 1150 compressed objects within 12 object streams
 332 named destinations out of 1000 (max. 500000)
 582 words of extra memory for PDF output out of 10000 (max. 10000000)

